[2026-07-26 18:11:09] [INFO] - User Registered: 'john_dev' (Role: MEMBER)
[2026-07-26 18:11:09] [INFO] - User Logged In Successfully: 'john_dev'
[2026-07-26 18:11:09] [INFO] - Book Added: 'Clean Code' (ISBN: 978-0132350884)
[2026-07-26 18:11:09] [INFO] - Book Added: '1984' (ISBN: 978-0451524935)
[2026-07-26 18:11:09] [INFO] - Book Issued: Borrow ID 1 (Book: 'Clean Code', User ID: 1)
[2026-07-26 18:11:09] [INFO] - Book Returned: Borrow ID 1 | Overdue Days: 0 | Fine: $0.00
[2026-07-26 18:11:10] [WARNING] - Authentication Failed for username 'john_dev'
[2026-07-26 18:11:10] [INFO] - File Storage Backup Exported to 'library_backup.json'
[2026-07-26 18:11:10] [INFO] - API Integration: Querying Open Library for 'Python'
[2026-07-26 18:11:13] [INFO] - API Integration: Retrieved 3 books.
[2026-07-26 18:11:31] [WARNING] - Registration Error: Username 'john_dev' already exists.
[2026-07-26 18:11:31] [INFO] - User Logged In Successfully: 'john_dev'
[2026-07-26 18:12:12] [WARNING] - Registration Error: Username 'john_dev' already exists.
[2026-07-26 18:12:12] [INFO] - User Logged In Successfully: 'john_dev'
[2026-07-26 18:12:12] [WARNING] - Book with ISBN '978-0132350884' already exists.
[2026-07-26 18:12:12] [WARNING] - Book with ISBN '978-0451524935' already exists.
[2026-07-26 18:12:12] [INFO] - Book Issued: Borrow ID 2 (Book: 'Clean Code', User ID: 1)
[2026-07-26 18:12:12] [INFO] - Book Returned: Borrow ID 2 | Overdue Days: 0 | Fine: $0.00
[2026-07-26 18:12:12] [WARNING] - Authentication Failed for username 'john_dev'
[2026-07-26 18:12:12] [INFO] - File Storage Backup Exported to 'library_backup.json'
[2026-07-26 18:12:12] [INFO] - API Integration: Querying Open Library for 'Python'
[2026-07-26 18:12:14] [INFO] - API Integration: Retrieved 3 books.
[2026-07-26 18:12:33] [WARNING] - Registration Error: Username 'john_dev' already exists.
[2026-07-26 18:12:33] [INFO] - User Logged In Successfully: 'john_dev'
[2026-07-26 18:12:33] [WARNING] - Book with ISBN '978-0132350884' already exists.
[2026-07-26 18:12:33] [WARNING] - Book with ISBN '978-0451524935' already exists.
[2026-07-26 18:12:33] [INFO] - Book Issued: Borrow ID 3 (Book: 'Clean Code', User ID: 1)
[2026-07-26 18:12:33] [INFO] - Book Returned: Borrow ID 3 | Overdue Days: 0 | Fine: $0.00
[2026-07-26 18:12:33] [WARNING] - Authentication Failed for username 'john_dev'
[2026-07-26 18:12:33] [INFO] - File Storage Backup Exported to 'library_backup.json'
[2026-07-26 18:12:33] [INFO] - API Integration: Querying Open Library for 'Python'
[2026-07-26 18:12:35] [INFO] - API Integration: Retrieved 3 books.
[2026-07-26 18:24:58] [WARNING] - Registration Error: Username 'john_dev' already exists.
[2026-07-26 18:24:58] [INFO] - User Logged In Successfully: 'john_dev'
[2026-07-26 18:24:58] [WARNING] - Book with ISBN '978-0132350884' already exists.
[2026-07-26 18:24:58] [WARNING] - Book with ISBN '978-0451524935' already exists.
[2026-07-26 18:24:58] [INFO] - Book Issued: Borrow ID 4 (Book: 'Clean Code', User ID: 1)
[2026-07-26 18:24:58] [INFO] - Book Returned: Borrow ID 4 | Overdue Days: 0 | Fine: $0.00
[2026-07-26 18:24:58] [WARNING] - Authentication Failed for username 'john_dev'
[2026-07-26 18:24:58] [INFO] - File Storage Backup Exported to 'library_backup.json'
[2026-07-26 18:24:58] [INFO] - API Integration: Querying Open Library for 'Python'
[2026-07-26 18:24:59] [INFO] - API Integration: Retrieved 3 books.
[2026-07-26 18:29:44] [WARNING] - Registration Error: Username 'john_dev' already exists.
[2026-07-26 18:29:44] [INFO] - User Logged In Successfully: 'john_dev'
[2026-07-26 18:29:44] [WARNING] - Book with ISBN '978-0132350884' already exists.
[2026-07-26 18:29:44] [WARNING] - Book with ISBN '978-0451524935' already exists.
[2026-07-26 18:29:44] [INFO] - Book Issued: Borrow ID 5 (Book: 'Clean Code', User ID: 1)
[2026-07-26 18:29:44] [INFO] - Book Returned: Borrow ID 5 | Overdue Days: 0 | Fine: $0.00
[2026-07-26 18:29:44] [WARNING] - Authentication Failed for username 'john_dev'
[2026-07-26 18:29:44] [INFO] - File Storage Backup Exported to 'library_backup.json'
[2026-07-26 18:29:44] [INFO] - API Integration: Querying Open Library for 'Python'
[2026-07-26 18:29:46] [INFO] - API Integration: Retrieved 3 books.
